// Jest Snapshot v1, https://goo.gl/fbAQLP

exports[`renders correctly 1`] = `
<ForwardRef(TableContainer)
  component={
    Object {
      "$$typeof": Symbol(react.forward_ref),
      "propTypes": Object {
        "children": [Function],
        "className": [Function],
        "classes": [Function],
        "component": [Function],
        "elevation": [Function],
        "square": [Function],
        "sx": [Function],
        "variant": [Function],
      },
      "render": [Function],
    }
  }
>
  <ForwardRef(Table)
    aria-label="collapsible table"
  >
    <ForwardRef(TableHead)>
      <ForwardRef(TableRow)
        sx={
          Object {
            "fontWeight": "bold",
          }
        }
      >
        <ForwardRef(TableCell) />
        <ForwardRef(TableCell)>
          <ForwardRef(Typography)
            style={
              Object {
                "color": "green",
                "textAlign": "center",
              }
            }
            variant="h3"
          >
            ☮
          </ForwardRef(Typography)>
        </ForwardRef(TableCell)>
        <ForwardRef(TableCell)>
          Temperature
        </ForwardRef(TableCell)>
        <ForwardRef(TableCell)>
          Feels like
        </ForwardRef(TableCell)>
        <ForwardRef(TableCell)>
          Minimium Temp
        </ForwardRef(TableCell)>
        <ForwardRef(TableCell)>
          Maximum Temp
        </ForwardRef(TableCell)>
        <ForwardRef(TableCell)>
          Humidity
        </ForwardRef(TableCell)>
        <ForwardRef(TableCell)>
          Cloudiness
        </ForwardRef(TableCell)>
        <ForwardRef(TableCell)>
          Rain probability
        </ForwardRef(TableCell)>
      </ForwardRef(TableRow)>
    </ForwardRef(TableHead)>
    <ForwardRef(TableBody)>
      <TableRow
        dailyForecast={
          Object {
            "dayForecast": Object {
              "averageCloudiness": 34,
              "averageFeelsLike": 12,
              "averageHumidity": 84,
              "averageRainProbability": 0,
              "averageTemp": 12,
              "date": "2021-10-26",
              "maxTemp": 13,
              "minTemp": 12,
            },
            "hourForecasts": Array [
              Object {
                "clouds": Object {
                  "all": 56,
                },
                "dt_txt": "2021-10-26 12:00:00",
                "main": Object {
                  "feels_like": 11.93,
                  "grnd_level": 1017,
                  "humidity": 87,
                  "pressure": 1018,
                  "sea_level": 1018,
                  "temp": 12.37,
                  "temp_kf": -0.55,
                  "temp_max": 12.92,
                  "temp_min": 12.37,
                },
                "pop": 0,
                "visibility": 10000,
                "weather": Array [
                  Object {
                    "main": "Clouds",
                  },
                ],
                "wind": Object {
                  "deg": 2,
                  "speed": 2.09,
                },
              },
              Object {
                "clouds": Object {
                  "all": 12,
                },
                "dt_txt": "2021-10-27 12:00:00",
                "main": Object {
                  "feels_like": 11.98,
                  "grnd_level": 1018,
                  "humidity": 80,
                  "pressure": 1018,
                  "sea_level": 1018,
                  "temp": 12.38,
                  "temp_kf": -0.58,
                  "temp_max": 12.92,
                  "temp_min": 12.37,
                },
                "pop": 0.4,
                "visibility": 10000,
                "weather": Array [
                  Object {
                    "main": "Rain",
                  },
                ],
                "wind": Object {
                  "deg": 1,
                  "speed": 2.12,
                },
              },
            ],
          }
        }
        key="2021-10-26 12:00:00"
      />
    </ForwardRef(TableBody)>
  </ForwardRef(Table)>
</ForwardRef(TableContainer)>
`;

exports[`renders correctly 2`] = `
<Fragment>
  <ForwardRef(TableRow)
    sx={
      Object {
        "& > *": Object {
          "borderBottom": "unset",
        },
      }
    }
  >
    <ForwardRef(TableCell)
      sx={
        Object {
          "alignItems": "center",
          "display": "flex",
          "flexDirection": "column",
          "justifyContent": "center",
        }
      }
    >
      <ForwardRef(Typography)
        variant="caption"
      >
        BY HOURS
      </ForwardRef(Typography)>
      <ForwardRef(IconButton)
        aria-label="expand row"
        onClick={[Function]}
        size="small"
        style={
          Object {
            "fontSize": "1.2rem",
          }
        }
      >
        <Memo(ForwardRef(KeyboardArrowDownIcon)) />
      </ForwardRef(IconButton)>
    </ForwardRef(TableCell)>
    <ForwardRef(TableCell)
      className="date-cell"
      component="th"
      scope="row"
    >
      <strong>
        2021-10-26
      </strong>
    </ForwardRef(TableCell)>
    <ForwardRef(TableCell)>
      12
      °
    </ForwardRef(TableCell)>
    <ForwardRef(TableCell)>
      12
      °
    </ForwardRef(TableCell)>
    <ForwardRef(TableCell)>
      12
      °
    </ForwardRef(TableCell)>
    <ForwardRef(TableCell)>
      13
      °
    </ForwardRef(TableCell)>
    <ForwardRef(TableCell)>
      84
    </ForwardRef(TableCell)>
    <ForwardRef(TableCell)>
      34
    </ForwardRef(TableCell)>
    <ForwardRef(TableCell)>
      0
      %
    </ForwardRef(TableCell)>
  </ForwardRef(TableRow)>
  <ForwardRef(TableRow)>
    <ForwardRef(TableCell)
      colSpan={12}
      style={
        Object {
          "paddingBottom": 0,
          "paddingTop": 0,
        }
      }
    >
      <ForwardRef(Collapse)
        in={false}
        timeout="auto"
        unmountOnExit={true}
      >
        <ForwardRef(Box)
          style={
            Object {
              "margin": 1,
            }
          }
        >
          <ForwardRef(Typography)
            component="div"
            gutterBottom={true}
            variant="h6"
          >
            Hourly details
          </ForwardRef(Typography)>
          <ForwardRef(Table)
            aria-label="purchases"
            size="small"
          >
            <ForwardRef(TableHead)>
              <ForwardRef(TableRow)>
                <ForwardRef(TableCell) />
                <ForwardRef(TableCell)>
                  Temperature
                </ForwardRef(TableCell)>
                <ForwardRef(TableCell)>
                  Feels like
                </ForwardRef(TableCell)>
                <ForwardRef(TableCell)>
                  Atmospheric pressure
                </ForwardRef(TableCell)>
                <ForwardRef(TableCell)>
                  Humidity
                </ForwardRef(TableCell)>
                <ForwardRef(TableCell)>
                  Weather
                </ForwardRef(TableCell)>
                <ForwardRef(TableCell)>
                  Windspeed
                </ForwardRef(TableCell)>
              </ForwardRef(TableRow)>
            </ForwardRef(TableHead)>
            <ForwardRef(TableBody)>
              <ForwardRef(TableRow)
                key="2021-10-26 12:00:00"
              >
                <ForwardRef(TableCell)
                  component="th"
                  scope="row"
                >
                  12:00:00
                </ForwardRef(TableCell)>
                <ForwardRef(TableCell)>
                  12.37
                </ForwardRef(TableCell)>
                <ForwardRef(TableCell)>
                  11.93
                </ForwardRef(TableCell)>
                <ForwardRef(TableCell)>
                  1018
                </ForwardRef(TableCell)>
                <ForwardRef(TableCell)>
                  87
                </ForwardRef(TableCell)>
                <ForwardRef(TableCell)>
                  Clouds
                </ForwardRef(TableCell)>
                <ForwardRef(TableCell)>
                  2.09
                </ForwardRef(TableCell)>
              </ForwardRef(TableRow)>
              <ForwardRef(TableRow)
                key="2021-10-27 12:00:00"
              >
                <ForwardRef(TableCell)
                  component="th"
                  scope="row"
                >
                  12:00:00
                </ForwardRef(TableCell)>
                <ForwardRef(TableCell)>
                  12.38
                </ForwardRef(TableCell)>
                <ForwardRef(TableCell)>
                  11.98
                </ForwardRef(TableCell)>
                <ForwardRef(TableCell)>
                  1018
                </ForwardRef(TableCell)>
                <ForwardRef(TableCell)>
                  80
                </ForwardRef(TableCell)>
                <ForwardRef(TableCell)>
                  Rain
                </ForwardRef(TableCell)>
                <ForwardRef(TableCell)>
                  2.12
                </ForwardRef(TableCell)>
              </ForwardRef(TableRow)>
            </ForwardRef(TableBody)>
          </ForwardRef(Table)>
        </ForwardRef(Box)>
      </ForwardRef(Collapse)>
    </ForwardRef(TableCell)>
  </ForwardRef(TableRow)>
</Fragment>
`;
